e:\desperatesource\eos\samples\anticheat\server\intermediate\win32\release\anticheatserver.pch
e:\desperatesource\eos\samples\anticheat\server\intermediate\win32\release\vc143.pdb
e:\desperatesource\eos\samples\anticheat\server\intermediate\win32\release\pch.obj
e:\desperatesource\eos\samples\anticheat\server\intermediate\win32\release\tcpclient.obj
e:\desperatesource\eos\samples\anticheat\server\intermediate\win32\release\eossdk.obj
e:\desperatesource\eos\samples\anticheat\server\intermediate\win32\release\servermain.obj
e:\desperatesource\eos\samples\anticheat\server\intermediate\win32\release\main.obj
e:\desperatesource\eos\samples\anticheat\server\intermediate\win32\release\anticheatserver.obj
e:\desperatesource\eos\samples\anticheat\server\intermediate\win32\release\anticheatnetworktransport.obj
e:\desperatesource\eos\samples\anticheat\server\intermediate\win32\release\utils.obj
e:\desperatesource\eos\samples\anticheat\server\intermediate\win32\release\stringutils.obj
e:\desperatesource\eos\samples\anticheat\server\intermediate\win32\release\settings.obj
e:\desperatesource\eos\samples\anticheat\server\intermediate\win32\release\debuglog.obj
e:\desperatesource\eos\samples\anticheat\server\intermediate\win32\release\commandline.obj
e:\desperatesource\eos\samples\anticheat\server\bin\win32\release\anticheatserver.exe
e:\desperatesource\eos\samples\anticheat\server\bin\win32\release\anticheatserver.pdb
e:\desperatesource\eos\samples\anticheat\server\intermediate\win32\release\anticheatserver.ipdb
e:\desperatesource\eos\samples\anticheat\server\intermediate\win32\release\anticheatserver.iobj
e:\desperatesource\eos\samples\anticheat\server\intermediate\win32\release\anticheatserver.tlog\cl.command.1.tlog
e:\desperatesource\eos\samples\anticheat\server\intermediate\win32\release\anticheatserver.tlog\cl.items.tlog
e:\desperatesource\eos\samples\anticheat\server\intermediate\win32\release\anticheatserver.tlog\cl.read.1.tlog
e:\desperatesource\eos\samples\anticheat\server\intermediate\win32\release\anticheatserver.tlog\cl.write.1.tlog
e:\desperatesource\eos\samples\anticheat\server\intermediate\win32\release\anticheatserver.tlog\link.command.1.tlog
e:\desperatesource\eos\samples\anticheat\server\intermediate\win32\release\anticheatserver.tlog\link.read.1.tlog
e:\desperatesource\eos\samples\anticheat\server\intermediate\win32\release\anticheatserver.tlog\link.secondary.1.tlog
e:\desperatesource\eos\samples\anticheat\server\intermediate\win32\release\anticheatserver.tlog\link.write.1.tlog
