e:\2itsource2026\realspace2\release\realspace2.pch
e:\2itsource2026\realspace2\release\realspace2.pdb
e:\2itsource2026\realspace2\release\stdafx.obj
e:\2itsource2026\realspace2\release\ranimationfile.obj
e:\2itsource2026\realspace2\release\ranimation.obj
e:\2itsource2026\realspace2\release\ranieventinfo.obj
e:\2itsource2026\realspace2\release\rvisualmeshutil.obj
e:\2itsource2026\realspace2\release\rvisualmeshmgr.obj
e:\2itsource2026\realspace2\release\rvisualmesh.obj
e:\2itsource2026\realspace2\release\rvector.obj
e:\2itsource2026\realspace2\release\rmtrl.obj
e:\2itsource2026\realspace2\release\rmeshutil.obj
e:\2itsource2026\realspace2\release\rmeshnodestringtable.obj
e:\2itsource2026\realspace2\release\rmeshnodedata.obj
e:\2itsource2026\realspace2\release\rmeshnode.obj
e:\2itsource2026\realspace2\release\rmeshmgr.obj
e:\2itsource2026\realspace2\release\rmesh_render.obj
e:\2itsource2026\realspace2\release\rmesh_mtrl.obj
e:\2itsource2026\realspace2\release\rmesh_load.obj
e:\2itsource2026\realspace2\release\rmesh_frame.obj
e:\2itsource2026\realspace2\release\rmesh.obj
e:\2itsource2026\realspace2\release\rhalfedgemesh.obj
e:\2itsource2026\realspace2\release\rbspobject.obj
e:\2itsource2026\realspace2\release\rnavigationnode.obj
e:\2itsource2026\realspace2\release\rnavigationmesh.obj
e:\2itsource2026\realspace2\release\rastar.obj
e:\2itsource2026\realspace2\release\rsolidbsp.obj
e:\2itsource2026\realspace2\release\rroam.obj
e:\2itsource2026\realspace2\release\rpvs.obj
e:\2itsource2026\realspace2\release\rocclusionlist.obj
e:\2itsource2026\realspace2\release\rmateriallist.obj
e:\2itsource2026\realspace2\release\rlightlist.obj
e:\2itsource2026\realspace2\release\rlenzflare.obj
e:\2itsource2026\realspace2\release\rdynamiclight.obj
e:\2itsource2026\realspace2\release\rdummylist.obj
e:\2itsource2026\realspace2\release\rcollisiondetection.obj
e:\2itsource2026\realspace2\release\rsphere.obj
e:\2itsource2026\realspace2\release\rcylinder.obj
e:\2itsource2026\realspace2\release\rcloth.obj
e:\2itsource2026\realspace2\release\rcharcloth.obj
e:\2itsource2026\realspace2\release\rboundary.obj
e:\2itsource2026\realspace2\release\ranimationnode.obj
e:\2itsource2026\realspace2\release\ranimationmgr.obj
e:\2itsource2026\realspace2\release\rtypes.obj
e:\2itsource2026\realspace2\release\rframework.obj
e:\2itsource2026\realspace2\release\realspace2.obj
e:\2itsource2026\realspace2\release\rtoken.obj
e:\2itsource2026\realspace2\release\rshadermgr.obj
e:\2itsource2026\realspace2\release\rparticlesystem.obj
e:\2itsource2026\realspace2\release\rfont.obj
e:\2itsource2026\realspace2\release\rerror.obj
e:\2itsource2026\realspace2\release\rcamera.obj
e:\2itsource2026\realspace2\release\rbasetexture.obj
e:\2itsource2026\realspace2\runtime\lib\realspace2.lib
e:\2itsource2026\realspace2\release\msxml3.tlh
e:\2itsource2026\realspace2\release\realspace2.tlog\cl.command.1.tlog
e:\2itsource2026\realspace2\release\realspace2.tlog\cl.items.tlog
e:\2itsource2026\realspace2\release\realspace2.tlog\cl.read.1.tlog
e:\2itsource2026\realspace2\release\realspace2.tlog\cl.write.1.tlog
e:\2itsource2026\realspace2\release\realspace2.tlog\lib-link.write.1.tlog
e:\2itsource2026\realspace2\release\realspace2.tlog\lib.command.1.tlog
e:\2itsource2026\realspace2\release\realspace2.tlog\lib.read.1.tlog
