e:\2itsource2026\cml\release\cml.pch
e:\2itsource2026\cml\release\cml.pdb
e:\2itsource2026\cml\release\stdafx.obj
e:\2itsource2026\cml\release\libpak.obj
e:\2itsource2026\cml\release\hash.obj
e:\2itsource2026\cml\release\fileinfo.obj
e:\2itsource2026\cml\release\commonlog.obj
e:\2itsource2026\cml\release\cmlexicalanalyzer.obj
e:\2itsource2026\cml\release\cmerror.obj
e:\2itsource2026\cml\release\cfgfile.obj
e:\2itsource2026\cml\release\sha1.obj
e:\2itsource2026\cml\release\mmd5.obj
e:\2itsource2026\cml\release\hmac_sha1.obj
e:\2itsource2026\cml\release\seed.obj
e:\2itsource2026\cml\release\mzip.obj
e:\2itsource2026\cml\release\mvector3.obj
e:\2itsource2026\cml\release\mmatrix.obj
e:\2itsource2026\cml\release\mdatachecker.obj
e:\2itsource2026\cml\release\md5_code.obj
e:\2itsource2026\cml\release\md5wrapper.obj
e:\2itsource2026\cml\release\mclipboard.obj
e:\2itsource2026\cml\release\diskserialnumber.obj
e:\2itsource2026\cml\release\codepageconversion.obj
e:\2itsource2026\cml\release\mprocesscontroller.obj
e:\2itsource2026\cml\release\mpdb.obj
e:\2itsource2026\cml\release\mpagearray.obj
e:\2itsource2026\cml\release\mmemoryproxy.obj
e:\2itsource2026\cml\release\mlocale.obj
e:\2itsource2026\cml\release\mlex.obj
e:\2itsource2026\cml\release\minetutil.obj
e:\2itsource2026\cml\release\minet.obj
e:\2itsource2026\cml\release\mhttpspooler.obj
e:\2itsource2026\cml\release\mempool.obj
e:\2itsource2026\cml\release\mdebug.obj
e:\2itsource2026\cml\release\mcsvparser.obj
e:\2itsource2026\cml\release\mcrypt.obj
e:\2itsource2026\cml\release\mcrc32.obj
e:\2itsource2026\cml\release\mcrashdump.obj
e:\2itsource2026\cml\release\mchunkrewriter.obj
e:\2itsource2026\cml\release\mchecksum.obj
e:\2itsource2026\cml\release\mblobarray.obj
e:\2itsource2026\cml\release\masynchttp.obj
e:\2itsource2026\cml\release\marchive.obj
e:\2itsource2026\cml\release\mzfilesystem.obj
e:\2itsource2026\cml\release\mxml.obj
e:\2itsource2026\cml\release\mutil.obj
e:\2itsource2026\cml\release\mtracememory.obj
e:\2itsource2026\cml\release\mthread.obj
e:\2itsource2026\cml\release\msync.obj
e:\2itsource2026\cml\release\mstrex.obj
e:\2itsource2026\cml\release\mstatemachine.obj
e:\2itsource2026\cml\release\msmartrefresh.obj
e:\2itsource2026\cml\release\mrsaencrypt.obj
e:\2itsource2026\cml\release\mregistry.obj
e:\2itsource2026\cml\release\mprofiler.obj
e:\2itsource2026\cml\release\mfoldernotifier.obj
e:\2itsource2026\cml\runtime\lib\cml.lib
e:\2itsource2026\cml\release\msxml.tli
e:\2itsource2026\cml\release\msxml.tlh
e:\2itsource2026\cml\release\cml.tlog\cl.command.1.tlog
e:\2itsource2026\cml\release\cml.tlog\cl.items.tlog
e:\2itsource2026\cml\release\cml.tlog\cl.read.1.tlog
e:\2itsource2026\cml\release\cml.tlog\cl.write.1.tlog
e:\2itsource2026\cml\release\cml.tlog\lib-link.write.1.tlog
e:\2itsource2026\cml\release\cml.tlog\lib.command.1.tlog
e:\2itsource2026\cml\release\cml.tlog\lib.read.1.tlog
