C:\Program Files\Microsoft Visual Studio\18\Community\MSBuild\Microsoft\VC\v170\Microsoft.CppBuild.targets(524,5): warning MSB8004: Output Directory does not end with a trailing slash.  This build instance will add the slash as it is required to allow proper evaluation of the Output Directory.
  stdafx.cpp
E:\2ITSOURCE2026\CSCommon\Include\MMatchItem.h(146,1): warning C4067: unexpected tokens following preprocessor directive - expected a newline
  (compiling source file '../MatchServer/stdafx.cpp')
  
E:\2ITSOURCE2026\CSCommon\Include\MMatchObject.h(918,1): warning C4067: unexpected tokens following preprocessor directive - expected a newline
  (compiling source file '../MatchServer/stdafx.cpp')
  
E:\2ITSOURCE2026\CSCommon\Include\MMatchObject.h(1130,1): warning C4067: unexpected tokens following preprocessor directive - expected a newline
  (compiling source file '../MatchServer/stdafx.cpp')
  
E:\2ITSOURCE2026\CSCommon\Include\MMatchStageSetting.h(93,1): warning C4067: unexpected tokens following preprocessor directive - expected a newline
  (compiling source file '../MatchServer/stdafx.cpp')
  
E:\2ITSOURCE2026\CSCommon\Include\MMatchStageSetting.h(145,1): warning C4067: unexpected tokens following preprocessor directive - expected a newline
  (compiling source file '../MatchServer/stdafx.cpp')
  
E:\2ITSOURCE2026\CSCommon\Include\MMatchStageSetting.h(252,1): warning C4067: unexpected tokens following preprocessor directive - expected a newline
  (compiling source file '../MatchServer/stdafx.cpp')
  
E:\2ITSOURCE2026\CSCommon\Include\MMatchStageSetting.h(324,1): warning C4067: unexpected tokens following preprocessor directive - expected a newline
  (compiling source file '../MatchServer/stdafx.cpp')
  
E:\2ITSOURCE2026\CSCommon\Include\RealCPNet.h(35,14): warning C4091: 'typedef ': ignored on left of 'RCP_IO_OPERATION' when no variable is declared
  (compiling source file '../MatchServer/stdafx.cpp')
  
E:\2ITSOURCE2026\CSCommon\Include\MMatchRule.h(144,1): warning C4067: unexpected tokens following preprocessor directive - expected a newline
  (compiling source file '../MatchServer/stdafx.cpp')
  
E:\2ITSOURCE2026\CSCommon\Include\MMatchTransDataType.h(391,1): warning C4067: unexpected tokens following preprocessor directive - expected a newline
  (compiling source file '../MatchServer/stdafx.cpp')
  
E:\2ITSOURCE2026\CSCommon\Include\MMatchWorldItem.h(94,1): warning C4067: unexpected tokens following preprocessor directive - expected a newline
  (compiling source file '../MatchServer/stdafx.cpp')
  
E:\2ITSOURCE2026\CSCommon\Include\MMatchWorldItem.h(124,1): warning C4067: unexpected tokens following preprocessor directive - expected a newline
  (compiling source file '../MatchServer/stdafx.cpp')
  
E:\2ITSOURCE2026\CSCommon\Include\MMatchStage.h(23,1): warning C4067: unexpected tokens following preprocessor directive - expected a newline
  (compiling source file '../MatchServer/stdafx.cpp')
  
E:\2ITSOURCE2026\CSCommon\Include\MMatchStage.h(191,1): warning C4067: unexpected tokens following preprocessor directive - expected a newline
  (compiling source file '../MatchServer/stdafx.cpp')
  
E:\2ITSOURCE2026\CSCommon\Include\MMatchStage.h(335,1): warning C4067: unexpected tokens following preprocessor directive - expected a newline
  (compiling source file '../MatchServer/stdafx.cpp')
  
E:\2ITSOURCE2026\CSCommon\Include\MMatchServer.h(355,1): warning C4067: unexpected tokens following preprocessor directive - expected a newline
  (compiling source file '../MatchServer/stdafx.cpp')
  
E:\2ITSOURCE2026\CSCommon\Include\MMatchServer.h(398,1): warning C4067: unexpected tokens following preprocessor directive - expected a newline
  (compiling source file '../MatchServer/stdafx.cpp')
  
E:\2ITSOURCE2026\CSCommon\Include\MMatchServer.h(448,1): warning C4067: unexpected tokens following preprocessor directive - expected a newline
  (compiling source file '../MatchServer/stdafx.cpp')
  
E:\2ITSOURCE2026\CSCommon\Include\MMatchServer.h(738,1): warning C4067: unexpected tokens following preprocessor directive - expected a newline
  (compiling source file '../MatchServer/stdafx.cpp')
  
E:\2ITSOURCE2026\MatchServer\stdafx.h(68,9): warning C4005: '_QUEST_ITEM': macro redefinition
  (compiling source file '../MatchServer/stdafx.cpp')
      E:\2ITSOURCE2026\CSCommon\MFeatureDefine.h(21,9):
      see previous definition of '_QUEST_ITEM'
  
E:\2ITSOURCE2026\MatchServer\stdafx.h(69,9): warning C4005: '_MONSTER_BIBLE': macro redefinition
  (compiling source file '../MatchServer/stdafx.cpp')
      E:\2ITSOURCE2026\CSCommon\MFeatureDefine.h(22,9):
      see previous definition of '_MONSTER_BIBLE'
  
  ChildFrm.cpp
  CommandLogView.cpp
  crash.cpp
E:\2ITSOURCE2026\MatchServer\StackWalker\StackWalker.h(120,16): warning C4091: 'typedef ': ignored on left of 'StackWalker::CallstackEntryType' when no variable is declared
  (compiling source file '/crash.cpp')
  
  ExceptionAttacher.cpp
  MainFrm.cpp
  MatchServer.cpp
  MatchServerDoc.cpp
  MatchServerView.cpp
  OutputView.cpp
  StackWalker.cpp
E:\2ITSOURCE2026\MatchServer\StackWalker\StackWalker.h(120,16): warning C4091: 'typedef ': ignored on left of 'StackWalker::CallstackEntryType' when no variable is declared
  (compiling source file '/StackWalker/StackWalker.cpp')
  
E:\2ITSOURCE2026\MatchServer\StackWalker\StackWalker.cpp(345,16): warning C4091: 'typedef ': ignored on left of 'StackWalkerInternal::IMAGEHLP_MODULE64_V2' when no variable is declared
  (compiling source file '/StackWalker/StackWalker.cpp')
  
  TrayIcon.cpp
  MBMatchServer.cpp
  MBMatchServerConfigReloader.cpp
  MBMatchAsyncDBJob_BuyBountyItem.cpp
  MBMatchAsyncDBJob_Character.cpp
  MBMatchAsyncDBJob_GambleItem.cpp
  MBMatchAsyncDBJob_GambleQuestItem.cpp
  MBMatchAsyncDBJob_GameOnLogin.cpp
  MBMatchAsyncDBJob_NetmarbleLogin.cpp
  MBMatchAsyncDBJob_NHNLogin.cpp
  Compiling...
  MBMatchAsyncDBJob_SellItem.cpp
  MBMatchAsyncDBJob_TakeoffItem.cpp
  MBMatchAsyncDBJob_UpdateCharLevel.cpp
  MBMatchAsyncDBJob_UpdateCharPlayInfo.cpp
  MBMatchAsyncDBJob_UpdateEquipItem.cpp
  MBMatchAsyncJob_GetCpuInfo.cpp
  OnProcessAsyncJob.cpp
E:\2ITSOURCE2026\RealSpace2\Include\rvector.h(4,9): warning C4005: 'ASSERT': macro redefinition
  (compiling source file '/OnProcessAsyncJob.cpp')
      C:\Program Files\Microsoft Visual Studio\18\Community\VC\Tools\MSVC\14.44.35207\atlmfc\include\afx.h(370,9):
      see previous definition of 'ASSERT'
  
  MBMatchAsyncDBJob_BringAccountItem.cpp
  MBMatchAsyncDBJob_BringAccountItemStackable.cpp
  MBMatchAsyncDBJob_BringBackAccountItem.cpp
  MBMatchAsyncDBJob_BringBackAccountItemStackable.cpp
  MBMatchServer_AntiHack.cpp
  MBMatchServer_CountryFilter.cpp
  MBMatchServer_Item.cpp
  MBMatchServer_Login.cpp
  MBMatchServer_OnCommand.cpp
E:\2ITSOURCE2026\RealSpace2\Include\rvector.h(4,9): warning C4005: 'ASSERT': macro redefinition
  (compiling source file '/MBMatchServer_OnCommand.cpp')
      C:\Program Files\Microsoft Visual Studio\18\Community\VC\Tools\MSVC\14.44.35207\atlmfc\include\afx.h(370,9):
      see previous definition of 'ASSERT'
  
  MBMatchServer_ServerKeeper.cpp
  MBMatchServer_Stage.cpp
E:\2ITSOURCE2026\CSCommon\Include\MMatchRuleDuel.h(37,1): warning C4067: unexpected tokens following preprocessor directive - expected a newline
  (compiling source file '/MBMatchServer_Stage.cpp')
  
  MMatchServer_Schedule.cpp
  MBMatchTest.cpp
  Compiling...
  MBMatchTest_Gameguard.cpp
  MBMatchTest_Killtracker.cpp
  TestCRC32Server.cpp
  TestCRCNetModule.cpp
  TestCRCPlayer.cpp
  TestCRCStage.cpp
  TestResourceCRC32Cache_ServerClient.cpp
  TestConnectHistory.cpp
  TestDuelTournamentMatchMaker.cpp
  TestMMatchObjectHistory.cpp
  UnitTest.cpp
  MBMatchNetmarbleBilling.cpp
  MBMatchAuth.cpp
  MBMatchXTrapCC.cpp
  XTrap4Server.cpp
  MBMatchNHNAuth.cpp
  MBMatchNHNRTA.cpp
  MBMatchGameGuard.cpp
  MBMatchSecurity.cpp
  MBMatchKillTracker.cpp
  Compiling...
  MBMatchGameOnAuth.cpp
  ChildFrm.obj : MSIL .netmodule or module compiled with /GL found; restarting link with /LTCG; add /LTCG to the link command line to improve linker performance
  Generating code
  Finished generating code
  MatchServer.vcxproj -> E:\2ITSOURCE2026\Build\MatchServer\MatchServer.exe
