e:\2itsource2026\matchserver\release_desperate\matchserver.pch
e:\2itsource2026\matchserver\release_desperate\vc143.pdb
e:\2itsource2026\matchserver\release_desperate\stdafx.obj
e:\2itsource2026\matchserver\release_desperate\mbmatchasyncdbjob_nhnlogin.obj
e:\2itsource2026\matchserver\release_desperate\mbmatchasyncdbjob_netmarblelogin.obj
e:\2itsource2026\matchserver\release_desperate\mbmatchasyncdbjob_gameonlogin.obj
e:\2itsource2026\matchserver\release_desperate\mbmatchasyncdbjob_gamblequestitem.obj
e:\2itsource2026\matchserver\release_desperate\mbmatchasyncdbjob_gambleitem.obj
e:\2itsource2026\matchserver\release_desperate\mbmatchasyncdbjob_character.obj
e:\2itsource2026\matchserver\release_desperate\mbmatchasyncdbjob_buybountyitem.obj
e:\2itsource2026\matchserver\release_desperate\mbmatchserverconfigreloader.obj
e:\2itsource2026\matchserver\release_desperate\mbmatchserver.obj
e:\2itsource2026\matchserver\release_desperate\trayicon.obj
e:\2itsource2026\matchserver\release_desperate\stackwalker.obj
e:\2itsource2026\matchserver\release_desperate\outputview.obj
e:\2itsource2026\matchserver\release_desperate\matchserverview.obj
e:\2itsource2026\matchserver\release_desperate\matchserverdoc.obj
e:\2itsource2026\matchserver\release_desperate\matchserver.obj
e:\2itsource2026\matchserver\release_desperate\mainfrm.obj
e:\2itsource2026\matchserver\release_desperate\exceptionattacher.obj
e:\2itsource2026\matchserver\release_desperate\crash.obj
e:\2itsource2026\matchserver\release_desperate\commandlogview.obj
e:\2itsource2026\matchserver\release_desperate\childfrm.obj
e:\2itsource2026\matchserver\release_desperate\mbmatchtest.obj
e:\2itsource2026\matchserver\release_desperate\mmatchserver_schedule.obj
e:\2itsource2026\matchserver\release_desperate\mbmatchserver_stage.obj
e:\2itsource2026\matchserver\release_desperate\mbmatchserver_serverkeeper.obj
e:\2itsource2026\matchserver\release_desperate\mbmatchserver_oncommand.obj
e:\2itsource2026\matchserver\release_desperate\mbmatchserver_login.obj
e:\2itsource2026\matchserver\release_desperate\mbmatchserver_item.obj
e:\2itsource2026\matchserver\release_desperate\mbmatchserver_countryfilter.obj
e:\2itsource2026\matchserver\release_desperate\mbmatchserver_antihack.obj
e:\2itsource2026\matchserver\release_desperate\mbmatchasyncdbjob_bringbackaccountitemstackable.obj
e:\2itsource2026\matchserver\release_desperate\mbmatchasyncdbjob_bringbackaccountitem.obj
e:\2itsource2026\matchserver\release_desperate\mbmatchasyncdbjob_bringaccountitemstackable.obj
e:\2itsource2026\matchserver\release_desperate\mbmatchasyncdbjob_bringaccountitem.obj
e:\2itsource2026\matchserver\release_desperate\onprocessasyncjob.obj
e:\2itsource2026\matchserver\release_desperate\mbmatchasyncjob_getcpuinfo.obj
e:\2itsource2026\matchserver\release_desperate\mbmatchasyncdbjob_updateequipitem.obj
e:\2itsource2026\matchserver\release_desperate\mbmatchasyncdbjob_updatecharplayinfo.obj
e:\2itsource2026\matchserver\release_desperate\mbmatchasyncdbjob_updatecharlevel.obj
e:\2itsource2026\matchserver\release_desperate\mbmatchasyncdbjob_takeoffitem.obj
e:\2itsource2026\matchserver\release_desperate\mbmatchasyncdbjob_sellitem.obj
e:\2itsource2026\matchserver\release_desperate\mbmatchkilltracker.obj
e:\2itsource2026\matchserver\release_desperate\mbmatchsecurity.obj
e:\2itsource2026\matchserver\release_desperate\mbmatchgameguard.obj
e:\2itsource2026\matchserver\release_desperate\mbmatchnhnrta.obj
e:\2itsource2026\matchserver\release_desperate\mbmatchnhnauth.obj
e:\2itsource2026\matchserver\release_desperate\xtrap4server.obj
e:\2itsource2026\matchserver\release_desperate\mbmatchxtrapcc.obj
e:\2itsource2026\matchserver\release_desperate\mbmatchauth.obj
e:\2itsource2026\matchserver\release_desperate\mbmatchnetmarblebilling.obj
e:\2itsource2026\matchserver\release_desperate\unittest.obj
e:\2itsource2026\matchserver\release_desperate\testmmatchobjecthistory.obj
e:\2itsource2026\matchserver\release_desperate\testdueltournamentmatchmaker.obj
e:\2itsource2026\matchserver\release_desperate\testconnecthistory.obj
e:\2itsource2026\matchserver\release_desperate\testresourcecrc32cache_serverclient.obj
e:\2itsource2026\matchserver\release_desperate\testcrcstage.obj
e:\2itsource2026\matchserver\release_desperate\testcrcplayer.obj
e:\2itsource2026\matchserver\release_desperate\testcrcnetmodule.obj
e:\2itsource2026\matchserver\release_desperate\testcrc32server.obj
e:\2itsource2026\matchserver\release_desperate\mbmatchtest_killtracker.obj
e:\2itsource2026\matchserver\release_desperate\mbmatchtest_gameguard.obj
e:\2itsource2026\matchserver\release_desperate\mbmatchgameonauth.obj
e:\2itsource2026\build\matchserver\matchserver.exe
e:\2itsource2026\matchserver\runtime\matchserver.map
e:\2itsource2026\matchserver\runtime\matchserver.pdb
e:\2itsource2026\matchserver\release_desperate\matchserver.res
e:\2itsource2026\matchserver\release_desperate\msxml.tlh
e:\2itsource2026\matchserver\release_desperate\matchserver.tlog\cl.command.1.tlog
e:\2itsource2026\matchserver\release_desperate\matchserver.tlog\cl.items.tlog
e:\2itsource2026\matchserver\release_desperate\matchserver.tlog\cl.read.1.tlog
e:\2itsource2026\matchserver\release_desperate\matchserver.tlog\cl.write.1.tlog
e:\2itsource2026\matchserver\release_desperate\matchserver.tlog\link.command.1.tlog
e:\2itsource2026\matchserver\release_desperate\matchserver.tlog\link.read.1.tlog
e:\2itsource2026\matchserver\release_desperate\matchserver.tlog\link.secondary.1.tlog
e:\2itsource2026\matchserver\release_desperate\matchserver.tlog\link.write.1.tlog
e:\2itsource2026\matchserver\release_desperate\matchserver.tlog\rc.command.1.tlog
e:\2itsource2026\matchserver\release_desperate\matchserver.tlog\rc.read.1.tlog
e:\2itsource2026\matchserver\release_desperate\matchserver.tlog\rc.write.1.tlog
