e:\desperatesource\cml\debug\cmld.pch
e:\desperatesource\cml\debug\cml.pdb
e:\desperatesource\cml\debug\cml.idb
e:\desperatesource\cml\debug\stdafx.obj
e:\desperatesource\cml\debug\libpak.obj
e:\desperatesource\cml\debug\hash.obj
e:\desperatesource\cml\debug\fileinfo.obj
e:\desperatesource\cml\debug\commonlog.obj
e:\desperatesource\cml\debug\cmlexicalanalyzer.obj
e:\desperatesource\cml\debug\cmerror.obj
e:\desperatesource\cml\debug\cfgfile.obj
e:\desperatesource\cml\debug\sha1.obj
e:\desperatesource\cml\debug\mmd5.obj
e:\desperatesource\cml\debug\hmac_sha1.obj
e:\desperatesource\cml\debug\seed.obj
e:\desperatesource\cml\debug\mzip.obj
e:\desperatesource\cml\debug\mvector3.obj
e:\desperatesource\cml\debug\mmatrix.obj
e:\desperatesource\cml\debug\mdatachecker.obj
e:\desperatesource\cml\debug\md5_code.obj
e:\desperatesource\cml\debug\md5wrapper.obj
e:\desperatesource\cml\debug\mclipboard.obj
e:\desperatesource\cml\debug\diskserialnumber.obj
e:\desperatesource\cml\debug\codepageconversion.obj
e:\desperatesource\cml\debug\mprocesscontroller.obj
e:\desperatesource\cml\debug\mpdb.obj
e:\desperatesource\cml\debug\mpagearray.obj
e:\desperatesource\cml\debug\mmemoryproxy.obj
e:\desperatesource\cml\debug\mlocale.obj
e:\desperatesource\cml\debug\mlex.obj
e:\desperatesource\cml\debug\minetutil.obj
e:\desperatesource\cml\debug\minet.obj
e:\desperatesource\cml\debug\mhttpspooler.obj
e:\desperatesource\cml\debug\mempool.obj
e:\desperatesource\cml\debug\mdebug.obj
e:\desperatesource\cml\debug\mcsvparser.obj
e:\desperatesource\cml\debug\mcrypt.obj
e:\desperatesource\cml\debug\mcrc32.obj
e:\desperatesource\cml\debug\mcrashdump.obj
e:\desperatesource\cml\debug\mchunkrewriter.obj
e:\desperatesource\cml\debug\mchecksum.obj
e:\desperatesource\cml\debug\mblobarray.obj
e:\desperatesource\cml\debug\masynchttp.obj
e:\desperatesource\cml\debug\marchive.obj
e:\desperatesource\cml\debug\mzfilesystem.obj
e:\desperatesource\cml\debug\mxml.obj
e:\desperatesource\cml\debug\mutil.obj
e:\desperatesource\cml\debug\mtracememory.obj
e:\desperatesource\cml\debug\mthread.obj
e:\desperatesource\cml\debug\msync.obj
e:\desperatesource\cml\debug\mstrex.obj
e:\desperatesource\cml\debug\mstatemachine.obj
e:\desperatesource\cml\debug\msmartrefresh.obj
e:\desperatesource\cml\debug\mrsaencrypt.obj
e:\desperatesource\cml\debug\mregistry.obj
e:\desperatesource\cml\debug\mprofiler.obj
e:\desperatesource\cml\debug\mfoldernotifier.obj
e:\desperatesource\cml\runtime\lib\cmld.lib
e:\desperatesource\cml\debug\msxml.tli
e:\desperatesource\cml\debug\msxml.tlh
e:\desperatesource\cml\.\runtime\lib\cmld.lib
e:\desperatesource\cml\debug\cml.tlog\cl.command.1.tlog
e:\desperatesource\cml\debug\cml.tlog\cl.read.1.tlog
e:\desperatesource\cml\debug\cml.tlog\cl.write.1.tlog
e:\desperatesource\cml\debug\cml.tlog\lib-link.write.1.tlog
e:\desperatesource\cml\debug\cml.tlog\lib.command.1.tlog
e:\desperatesource\cml\debug\cml.tlog\lib.read.1.tlog
