  Copying New Files to Bin
  BaseGame.cpp
  Font.cpp
  SDLSpriteBatch.cpp
  Main.cpp
  SDLMain.cpp
     Creating library Bin\Win32\Release_DX\AntiCheat.lib and object Bin\Win32\Release_DX\AntiCheat.exp
  Generating code
  Previous IPDB not found, fall back to full compilation.
  All 8194 functions were compiled because no usable IPDB/IOBJ from previous compilation was found.
  Finished generating code
DirectXTK.lib(BasicEffect.obj) : warning LNK4099: PDB '' was not found with 'DirectXTK.lib(BasicEffect.obj)' or at ''; linking object as if no debug info
DirectXTK.lib(CommonStates.obj) : warning LNK4099: PDB '' was not found with 'DirectXTK.lib(CommonStates.obj)' or at ''; linking object as if no debug info
DirectXTK.lib(DDSTextureLoader.obj) : warning LNK4099: PDB '' was not found with 'DirectXTK.lib(DDSTextureLoader.obj)' or at ''; linking object as if no debug info
DirectXTK.lib(BinaryReader.obj) : warning LNK4099: PDB '' was not found with 'DirectXTK.lib(BinaryReader.obj)' or at ''; linking object as if no debug info
DirectXTK.lib(EffectCommon.obj) : warning LNK4099: PDB '' was not found with 'DirectXTK.lib(EffectCommon.obj)' or at ''; linking object as if no debug info
DirectXTK.lib(GamePad.obj) : warning LNK4099: PDB '' was not found with 'DirectXTK.lib(GamePad.obj)' or at ''; linking object as if no debug info
DirectXTK.lib(GeometricPrimitive.obj) : warning LNK4099: PDB '' was not found with 'DirectXTK.lib(GeometricPrimitive.obj)' or at ''; linking object as if no debug info
DirectXTK.lib(Geometry.obj) : warning LNK4099: PDB '' was not found with 'DirectXTK.lib(Geometry.obj)' or at ''; linking object as if no debug info
DirectXTK.lib(Keyboard.obj) : warning LNK4099: PDB '' was not found with 'DirectXTK.lib(Keyboard.obj)' or at ''; linking object as if no debug info
DirectXTK.lib(Mouse.obj) : warning LNK4099: PDB '' was not found with 'DirectXTK.lib(Mouse.obj)' or at ''; linking object as if no debug info
DirectXTK.lib(pch.obj) : warning LNK4099: PDB '' was not found with 'DirectXTK.lib(pch.obj)' or at ''; linking object as if no debug info
DirectXTK.lib(SpriteBatch.obj) : warning LNK4099: PDB '' was not found with 'DirectXTK.lib(SpriteBatch.obj)' or at ''; linking object as if no debug info
DirectXTK.lib(PrimitiveBatch.obj) : warning LNK4099: PDB '' was not found with 'DirectXTK.lib(PrimitiveBatch.obj)' or at ''; linking object as if no debug info
DirectXTK.lib(SpriteFont.obj) : warning LNK4099: PDB '' was not found with 'DirectXTK.lib(SpriteFont.obj)' or at ''; linking object as if no debug info
DirectXTK.lib(VertexTypes.obj) : warning LNK4099: PDB '' was not found with 'DirectXTK.lib(VertexTypes.obj)' or at ''; linking object as if no debug info
  AntiCheat.vcxproj -> E:\DesperateSource\EOS\Samples\AntiCheat\Client\Bin\Win32\Release_DX\AntiCheat.exe
