e:\2itsource2026\cscommon\release_desperate\cscommon.pch
e:\2itsource2026\cscommon\runtime\lib\cscommon.pdb
e:\2itsource2026\cscommon\release_desperate\stdafx.obj
e:\2itsource2026\cscommon\release_desperate\mmatchrulesolopaintball.obj
e:\2itsource2026\cscommon\release_desperate\mmatchruleskillmap.obj
e:\2itsource2026\cscommon\release_desperate\mmatchrulequestchallenge.obj
e:\2itsource2026\cscommon\release_desperate\mmatchruledropgungame.obj
e:\2itsource2026\cscommon\release_desperate\mgridmap.obj
e:\2itsource2026\cscommon\release_desperate\meventinfo.obj
e:\2itsource2026\cscommon\release_desperate\mdropgungamemanager.obj
e:\2itsource2026\cscommon\release_desperate\mcommandprofiler.obj
e:\2itsource2026\cscommon\release_desperate\mcommandparameter.obj
e:\2itsource2026\cscommon\release_desperate\mcommandmanager.obj
e:\2itsource2026\cscommon\release_desperate\mcommandbuilder.obj
e:\2itsource2026\cscommon\release_desperate\mcommand.obj
e:\2itsource2026\cscommon\release_desperate\magicmap.obj
e:\2itsource2026\cscommon\release_desperate\mactordef.obj
e:\2itsource2026\cscommon\release_desperate\globalsubtitutes.obj
e:\2itsource2026\cscommon\release_desperate\mmatchrulecustomgame.obj
e:\2itsource2026\cscommon\release_desperate\mmatchgungame.obj
e:\2itsource2026\cscommon\release_desperate\mmatchserver_ladderwars.obj
e:\2itsource2026\cscommon\release_desperate\mladderwarsmgr.obj
e:\2itsource2026\cscommon\release_desperate\masyncdbjob_ladderwars.obj
e:\2itsource2026\cscommon\release_desperate\mpacket.obj
e:\2itsource2026\cscommon\release_desperate\realcpnet.obj
e:\2itsource2026\cscommon\release_desperate\paintmap.obj
e:\2itsource2026\cscommon\release_desperate\mserver.obj
e:\2itsource2026\cscommon\release_desperate\mtcpsocket.obj
e:\2itsource2026\cscommon\release_desperate\mmatchclient.obj
e:\2itsource2026\cscommon\release_desperate\mcustomclient.obj
e:\2itsource2026\cscommon\release_desperate\mclient.obj
e:\2itsource2026\cscommon\release_desperate\mchattingfilter.obj
e:\2itsource2026\cscommon\release_desperate\mmaster.obj
e:\2itsource2026\cscommon\release_desperate\msharedcommandtable.obj
e:\2itsource2026\cscommon\release_desperate\mobject.obj
e:\2itsource2026\cscommon\release_desperate\muid.obj
e:\2itsource2026\cscommon\release_desperate\mnewquestscenario.obj
e:\2itsource2026\cscommon\release_desperate\mnewquestplayermanager.obj
e:\2itsource2026\cscommon\release_desperate\mnewquestnpcmanager.obj
e:\2itsource2026\cscommon\release_desperate\mmatchspymode.obj
e:\2itsource2026\cscommon\release_desperate\mmatchspymap.obj
e:\2itsource2026\cscommon\release_desperate\mmatchserver_spy.obj
e:\2itsource2026\cscommon\release_desperate\mmatchrulespy.obj
e:\2itsource2026\cscommon\release_desperate\mmatchquestround.obj
e:\2itsource2026\cscommon\release_desperate\mmatchquestmonstergroup.obj
e:\2itsource2026\cscommon\release_desperate\mmatchquestgamelog.obj
e:\2itsource2026\cscommon\release_desperate\mmatchquest.obj
e:\2itsource2026\cscommon\release_desperate\mmatchnpcobject.obj
e:\2itsource2026\cscommon\release_desperate\mmatchworlditemdesc.obj
e:\2itsource2026\cscommon\release_desperate\mmatchworlditem.obj
e:\2itsource2026\cscommon\release_desperate\mmatchstagesetting.obj
e:\2itsource2026\cscommon\release_desperate\mmatchstage.obj
e:\2itsource2026\cscommon\release_desperate\mmatchmap.obj
e:\2itsource2026\cscommon\release_desperate\mmatchformula.obj
e:\2itsource2026\cscommon\release_desperate\mmatchchannelrule.obj
e:\2itsource2026\cscommon\release_desperate\mmatchactivetrapmgr.obj
e:\2itsource2026\cscommon\release_desperate\mbasechannelrule.obj
e:\2itsource2026\cscommon\release_desperate\mteamgamestrategy.obj
e:\2itsource2026\cscommon\release_desperate\mladderstatistics.obj
e:\2itsource2026\cscommon\release_desperate\mladderpicker.obj
e:\2itsource2026\cscommon\release_desperate\mladdermgr.obj
e:\2itsource2026\cscommon\release_desperate\mpackethshieldcrypter.obj
e:\2itsource2026\cscommon\release_desperate\mpacketcrypter.obj
e:\2itsource2026\cscommon\release_desperate\mmatchruleberserker.obj
e:\2itsource2026\cscommon\release_desperate\mmatchruleassassinate.obj
e:\2itsource2026\cscommon\release_desperate\mmatchrule.obj
e:\2itsource2026\cscommon\release_desperate\mmatchgametype.obj
e:\2itsource2026\cscommon\release_desperate\mbasegametype.obj
e:\2itsource2026\cscommon\release_desperate\msurvivalmap.obj
e:\2itsource2026\cscommon\release_desperate\mquestscenario.obj
e:\2itsource2026\cscommon\release_desperate\mquestnpc.obj
e:\2itsource2026\cscommon\release_desperate\mquestmap.obj
e:\2itsource2026\cscommon\release_desperate\mbasequest.obj
e:\2itsource2026\cscommon\release_desperate\msurvivalrankinfo.obj
e:\2itsource2026\cscommon\release_desperate\msacrificeqitemtable.obj
e:\2itsource2026\cscommon\release_desperate\mquestplayer.obj
e:\2itsource2026\cscommon\release_desperate\mquestnpcspawntrigger.obj
e:\2itsource2026\cscommon\release_desperate\mquestlevelgenerator.obj
e:\2itsource2026\cscommon\release_desperate\mquestlevel.obj
e:\2itsource2026\cscommon\release_desperate\mquestitem.obj
e:\2itsource2026\cscommon\release_desperate\mquestformula.obj
e:\2itsource2026\cscommon\release_desperate\mquestdroptable.obj
e:\2itsource2026\cscommon\release_desperate\mmatchsurvivalgamelog.obj
e:\2itsource2026\cscommon\release_desperate\mmatchobjectcommandhistory.obj
e:\2itsource2026\cscommon\release_desperate\mmatchobjectcharbuffinfo.obj
e:\2itsource2026\cscommon\release_desperate\mmatchobject.obj
e:\2itsource2026\cscommon\release_desperate\mmatchobjcache.obj
e:\2itsource2026\cscommon\release_desperate\mmatchhshield.obj
e:\2itsource2026\cscommon\release_desperate\mmatchantihack.obj
e:\2itsource2026\cscommon\release_desperate\magentobject.obj
e:\2itsource2026\cscommon\release_desperate\mdueltournamentformula.obj
e:\2itsource2026\cscommon\release_desperate\mmatchruledueltournament.obj
e:\2itsource2026\cscommon\release_desperate\mdueltournamenttimechecker.obj
e:\2itsource2026\cscommon\release_desperate\mdueltournamentticketpicker.obj
e:\2itsource2026\cscommon\release_desperate\mdueltournamentmatchmaker.obj
e:\2itsource2026\cscommon\release_desperate\mmatchdueltournamentmgr.obj
e:\2itsource2026\cscommon\release_desperate\mmatchrulesurvival.obj
e:\2itsource2026\cscommon\release_desperate\mmatchrulequest.obj
e:\2itsource2026\cscommon\release_desperate\mmatchrulebasequest.obj
e:\2itsource2026\cscommon\release_desperate\mmatchruletraining.obj
e:\2itsource2026\cscommon\release_desperate\mmatchrulegladiator.obj
e:\2itsource2026\cscommon\release_desperate\mmatchruleduel.obj
e:\2itsource2026\cscommon\release_desperate\mmatchruledeathmatch.obj
e:\2itsource2026\cscommon\release_desperate\mmatchglobal.obj
e:\2itsource2026\cscommon\release_desperate\mmatchfriendinfo.obj
e:\2itsource2026\cscommon\release_desperate\mmatchclan.obj
e:\2itsource2026\cscommon\release_desperate\mmatchchecklooptime.obj
e:\2itsource2026\cscommon\release_desperate\mmatchchatroom.obj
e:\2itsource2026\cscommon\release_desperate\mmatchchannel.obj
e:\2itsource2026\cscommon\release_desperate\mmatchadmin.obj
e:\2itsource2026\cscommon\release_desperate\mmatchdbfilter.obj
e:\2itsource2026\cscommon\release_desperate\mmatchdbmgr_accountitem.obj
e:\2itsource2026\cscommon\release_desperate\mmatchdbmgr.obj
e:\2itsource2026\cscommon\release_desperate\mmatchcharbrinfo.obj
e:\2itsource2026\cscommon\release_desperate\mmatchbrmachine.obj
e:\2itsource2026\cscommon\release_desperate\mmatchaccountpenaltyinfo.obj
e:\2itsource2026\cscommon\release_desperate\mmatchbuffsummary.obj
e:\2itsource2026\cscommon\release_desperate\mmatchbuff.obj
e:\2itsource2026\cscommon\release_desperate\mmatchgamblemachine.obj
e:\2itsource2026\cscommon\release_desperate\mmatchgambleitem.obj
e:\2itsource2026\cscommon\release_desperate\mmatchdbgambleitem.obj
e:\2itsource2026\cscommon\release_desperate\mmatchitemfunction.obj
e:\2itsource2026\cscommon\release_desperate\mmatchitem.obj
e:\2itsource2026\cscommon\release_desperate\mmatchserver_dueltournament.obj
e:\2itsource2026\cscommon\release_desperate\mmatchserver_clan.obj
e:\2itsource2026\cscommon\release_desperate\mmatchserver_char.obj
e:\2itsource2026\cscommon\release_desperate\mmatchserver_channel.obj
e:\2itsource2026\cscommon\release_desperate\mmatchserver_async.obj
e:\2itsource2026\cscommon\release_desperate\mmatchserver_antihack.obj
e:\2itsource2026\cscommon\release_desperate\mmatchserver_agent.obj
e:\2itsource2026\cscommon\release_desperate\mmatchserver_admin.obj
e:\2itsource2026\cscommon\release_desperate\mmatchserver.obj
e:\2itsource2026\cscommon\release_desperate\mvotemgr.obj
e:\2itsource2026\cscommon\release_desperate\mvotediscussimpl.obj
e:\2itsource2026\cscommon\release_desperate\msmartrefreshimpl.obj
e:\2itsource2026\cscommon\release_desperate\mmatchutil.obj
e:\2itsource2026\cscommon\release_desperate\mmatchtransdatatype.obj
e:\2itsource2026\cscommon\release_desperate\mmatchstatus.obj
e:\2itsource2026\cscommon\release_desperate\mmatchshutdown.obj
e:\2itsource2026\cscommon\release_desperate\mmatchshop.obj
e:\2itsource2026\cscommon\release_desperate\mmatchschedule.obj
e:\2itsource2026\cscommon\release_desperate\mmatchpremiumipcache.obj
e:\2itsource2026\cscommon\release_desperate\mmatchnotify.obj
e:\2itsource2026\cscommon\release_desperate\masyncdbjob_getbrdescription.obj
e:\2itsource2026\cscommon\release_desperate\masyncdbjob_getaccountitemlist.obj
e:\2itsource2026\cscommon\release_desperate\masyncdbjob_friendlist.obj
e:\2itsource2026\cscommon\release_desperate\masyncdbjob_event.obj
e:\2itsource2026\cscommon\release_desperate\masyncdbjob_dueltournament.obj
e:\2itsource2026\cscommon\release_desperate\masyncdbjob_countryfilter.obj
e:\2itsource2026\cscommon\release_desperate\masyncdbjob_charfinalize.obj
e:\2itsource2026\cscommon\release_desperate\masyncdbjob_buyquestitem.obj
e:\2itsource2026\cscommon\release_desperate\masyncdbjob.obj
e:\2itsource2026\cscommon\release_desperate\mmatchconfig.obj
e:\2itsource2026\cscommon\release_desperate\mmatcheventmanager.obj
e:\2itsource2026\cscommon\release_desperate\mmatcheventfactory.obj
e:\2itsource2026\cscommon\release_desperate\mmatchevent.obj
e:\2itsource2026\cscommon\release_desperate\mmatchserver_survival.obj
e:\2itsource2026\cscommon\release_desperate\mmatchserver_stage.obj
e:\2itsource2026\cscommon\release_desperate\mmatchserver_quest.obj
e:\2itsource2026\cscommon\release_desperate\mmatchserver_oncommand.obj
e:\2itsource2026\cscommon\release_desperate\mmatchserver_login.obj
e:\2itsource2026\cscommon\release_desperate\mmatchserver_ladder.obj
e:\2itsource2026\cscommon\release_desperate\mmatchserver_item.obj
e:\2itsource2026\cscommon\release_desperate\mhackingtypes.obj
e:\2itsource2026\cscommon\release_desperate\mconnecthistory.obj
e:\2itsource2026\cscommon\release_desperate\mmatchstringresmanager.obj
e:\2itsource2026\cscommon\release_desperate\mbasestringresmanager.obj
e:\2itsource2026\cscommon\release_desperate\mnj_dbagentclient.obj
e:\2itsource2026\cscommon\release_desperate\mmatchlocale.obj
e:\2itsource2026\cscommon\release_desperate\mbaselocale.obj
e:\2itsource2026\cscommon\release_desperate\mxmlparser.obj
e:\2itsource2026\cscommon\release_desperate\mcommandcommunicator.obj
e:\2itsource2026\cscommon\release_desperate\masyncproxy.obj
e:\2itsource2026\cscommon\release_desperate\masyncdbjob_wintheclangame.obj
e:\2itsource2026\cscommon\release_desperate\masyncdbjob_updatechariteminfodata.obj
e:\2itsource2026\cscommon\release_desperate\masyncdbjob_updatecharinfodata.obj
e:\2itsource2026\cscommon\release_desperate\masyncdbjob_updatecharbrinfo.obj
e:\2itsource2026\cscommon\release_desperate\masyncdbjob_survivalmode.obj
e:\2itsource2026\cscommon\release_desperate\masyncdbjob_rewardcharbr.obj
e:\2itsource2026\cscommon\release_desperate\masyncdbjob_insertgameplayerlog.obj
e:\2itsource2026\cscommon\release_desperate\masyncdbjob_insertconnlog.obj
e:\2itsource2026\cscommon\release_desperate\masyncdbjob_insertcharbrinfo.obj
e:\2itsource2026\cscommon\release_desperate\masyncdbjob_getlogininfo.obj
e:\2itsource2026\cscommon\release_desperate\mmatchdebug.obj
e:\2itsource2026\cscommon\release_desperate\testcrc32xorcache.obj
e:\2itsource2026\cscommon\release_desperate\skillmap.obj
e:\2itsource2026\cscommon\runtime\lib\cscommon.lib
e:\2itsource2026\cscommon\release_desperate\msxml3.tlh
e:\2itsource2026\cscommon\release_desperate\cscommon.tlog\cl.command.1.tlog
e:\2itsource2026\cscommon\release_desperate\cscommon.tlog\cl.items.tlog
e:\2itsource2026\cscommon\release_desperate\cscommon.tlog\cl.read.1.tlog
e:\2itsource2026\cscommon\release_desperate\cscommon.tlog\cl.write.1.tlog
e:\2itsource2026\cscommon\release_desperate\cscommon.tlog\lib-link.write.1.tlog
e:\2itsource2026\cscommon\release_desperate\cscommon.tlog\lib.command.1.tlog
e:\2itsource2026\cscommon\release_desperate\cscommon.tlog\lib.read.1.tlog
