e:\2itsource2026\locator\release\locator.pch
e:\2itsource2026\locator\release\vc143.pdb
e:\2itsource2026\locator\release\vc143.idb
e:\2itsource2026\locator\release\stdafx.obj
e:\2itsource2026\locator\release\exceptionattacher.obj
e:\2itsource2026\locator\release\locator.obj
e:\2itsource2026\locator\release\locatordoc.obj
e:\2itsource2026\locator\release\locatorview.obj
e:\2itsource2026\locator\release\mainfrm.obj
e:\2itsource2026\locator\release\mlocator.obj
e:\2itsource2026\locator\release\mlocatorconfig.obj
e:\2itsource2026\locator\release\mlocatordbmgr.obj
e:\2itsource2026\locator\release\mlocatorstatistics.obj
e:\2itsource2026\locator\release\mlocatorudp.obj
e:\2itsource2026\locator\release\mlocatorview.obj
e:\2itsource2026\locator\release\mlogmanager.obj
e:\2itsource2026\locator\release\mserverstatus.obj
e:\2itsource2026\build\locator\locator.exe
e:\2itsource2026\build\locator\locator.pdb
e:\2itsource2026\locator\release\locator.res
e:\2itsource2026\locator\release\locator.ipdb
e:\2itsource2026\locator\release\locator.iobj
e:\2itsource2026\locator\release\msxml3.tlh
e:\2itsource2026\locator\release\locator.tlog\cl.command.1.tlog
e:\2itsource2026\locator\release\locator.tlog\cl.items.tlog
e:\2itsource2026\locator\release\locator.tlog\cl.read.1.tlog
e:\2itsource2026\locator\release\locator.tlog\cl.write.1.tlog
e:\2itsource2026\locator\release\locator.tlog\link.command.1.tlog
e:\2itsource2026\locator\release\locator.tlog\link.read.1.tlog
e:\2itsource2026\locator\release\locator.tlog\link.secondary.1.tlog
e:\2itsource2026\locator\release\locator.tlog\link.write.1.tlog
e:\2itsource2026\locator\release\locator.tlog\rc.command.1.tlog
e:\2itsource2026\locator\release\locator.tlog\rc.read.1.tlog
e:\2itsource2026\locator\release\locator.tlog\rc.write.1.tlog
