e:\desperatesource\eos\samples\voice\server\intermediate\win32\release\voiceserver.pch
e:\desperatesource\eos\samples\voice\server\intermediate\win32\release\vc143.pdb
e:\desperatesource\eos\samples\voice\server\intermediate\win32\release\pch.obj
e:\desperatesource\eos\samples\voice\server\intermediate\win32\release\voicesession.obj
e:\desperatesource\eos\samples\voice\server\intermediate\win32\release\voicesdk.obj
e:\desperatesource\eos\samples\voice\server\intermediate\win32\release\voicerequest.obj
e:\desperatesource\eos\samples\voice\server\intermediate\win32\release\voicerequestmuteuser.obj
e:\desperatesource\eos\samples\voice\server\intermediate\win32\release\voicerequestkickuser.obj
e:\desperatesource\eos\samples\voice\server\intermediate\win32\release\voicerequestjoin.obj
e:\desperatesource\eos\samples\voice\server\intermediate\win32\release\voicehost.obj
e:\desperatesource\eos\samples\voice\server\intermediate\win32\release\voiceapi.obj
e:\desperatesource\eos\samples\voice\server\intermediate\win32\release\servermain.obj
e:\desperatesource\eos\samples\voice\server\intermediate\win32\release\main.obj
e:\desperatesource\eos\samples\voice\server\intermediate\win32\release\apiparams.obj
e:\desperatesource\eos\samples\voice\server\intermediate\win32\release\utils.obj
e:\desperatesource\eos\samples\voice\server\intermediate\win32\release\stringutils.obj
e:\desperatesource\eos\samples\voice\server\intermediate\win32\release\settings.obj
e:\desperatesource\eos\samples\voice\server\intermediate\win32\release\debuglog.obj
e:\desperatesource\eos\samples\voice\server\intermediate\win32\release\commandline.obj
e:\desperatesource\eos\samples\voice\server\bin\win32\release\voiceserver.exe
e:\desperatesource\eos\samples\voice\server\bin\win32\release\voiceserver.pdb
e:\desperatesource\eos\samples\voice\server\intermediate\win32\release\voiceserver.ipdb
e:\desperatesource\eos\samples\voice\server\intermediate\win32\release\voiceserver.iobj
e:\desperatesource\eos\samples\voice\server\intermediate\win32\release\voiceserver.tlog\cl.command.1.tlog
e:\desperatesource\eos\samples\voice\server\intermediate\win32\release\voiceserver.tlog\cl.items.tlog
e:\desperatesource\eos\samples\voice\server\intermediate\win32\release\voiceserver.tlog\cl.read.1.tlog
e:\desperatesource\eos\samples\voice\server\intermediate\win32\release\voiceserver.tlog\cl.write.1.tlog
e:\desperatesource\eos\samples\voice\server\intermediate\win32\release\voiceserver.tlog\link.command.1.tlog
e:\desperatesource\eos\samples\voice\server\intermediate\win32\release\voiceserver.tlog\link.read.1.tlog
e:\desperatesource\eos\samples\voice\server\intermediate\win32\release\voiceserver.tlog\link.secondary.1.tlog
e:\desperatesource\eos\samples\voice\server\intermediate\win32\release\voiceserver.tlog\link.write.1.tlog
