e:\2itsource2026\matchagent\release\matchagent.pch
e:\2itsource2026\matchagent\release\vc143.pdb
e:\2itsource2026\matchagent\release\stdafx.obj
e:\2itsource2026\matchagent\release\outputview.obj
e:\2itsource2026\matchagent\release\mstageagent.obj
e:\2itsource2026\matchagent\release\mmatchagent.obj
e:\2itsource2026\matchagent\release\mdebugutil.obj
e:\2itsource2026\matchagent\release\mbmatchagent.obj
e:\2itsource2026\matchagent\release\matchagentview.obj
e:\2itsource2026\matchagent\release\matchagentdoc.obj
e:\2itsource2026\matchagent\release\matchagent.obj
e:\2itsource2026\matchagent\release\mainfrm.obj
e:\2itsource2026\matchagent\release\magentconfig.obj
e:\2itsource2026\matchagent\release\magentclient.obj
e:\2itsource2026\matchagent\release\exceptionattacher.obj
e:\2itsource2026\matchagent\release\commandlogview.obj
e:\2itsource2026\matchagent\release\childfrm.obj
e:\2itsource2026\build\matchagent\matchagent.exe
e:\2itsource2026\build\matchagent\matchagent.pdb
e:\2itsource2026\matchagent\release\matchagent.res
e:\2itsource2026\matchagent\release\msxml.tlh
e:\2itsource2026\matchagent\release\matchagent.tlog\cl.command.1.tlog
e:\2itsource2026\matchagent\release\matchagent.tlog\cl.items.tlog
e:\2itsource2026\matchagent\release\matchagent.tlog\cl.read.1.tlog
e:\2itsource2026\matchagent\release\matchagent.tlog\cl.write.1.tlog
e:\2itsource2026\matchagent\release\matchagent.tlog\link.command.1.tlog
e:\2itsource2026\matchagent\release\matchagent.tlog\link.read.1.tlog
e:\2itsource2026\matchagent\release\matchagent.tlog\link.secondary.1.tlog
e:\2itsource2026\matchagent\release\matchagent.tlog\link.write.1.tlog
e:\2itsource2026\matchagent\release\matchagent.tlog\rc.command.1.tlog
e:\2itsource2026\matchagent\release\matchagent.tlog\rc.read.1.tlog
e:\2itsource2026\matchagent\release\matchagent.tlog\rc.write.1.tlog
