e:\2itsource2026\gunz\gunz\release_desperate\gunz.pch
e:\2itsource2026\gunz\gunz\release_desperate\vc143.pdb
e:\2itsource2026\gunz\gunz\release_desperate\stdafx.obj
e:\2itsource2026\gunz\gunz\release_desperate\autoban.obj
e:\2itsource2026\gunz\gunz\release_desperate\zactoranimation.obj
e:\2itsource2026\gunz\gunz\release_desperate\zactorsound.obj
e:\2itsource2026\gunz\gunz\release_desperate\zapplication.obj
e:\2itsource2026\gunz\gunz\release_desperate\zconfiguration.obj
e:\2itsource2026\gunz\gunz\release_desperate\zgametype.obj
e:\2itsource2026\gunz\gunz\release_desperate\zguard.obj
e:\2itsource2026\gunz\gunz\release_desperate\zitemiconbitmap.obj
e:\2itsource2026\gunz\gunz\release_desperate\zlocatorlist.obj
e:\2itsource2026\gunz\gunz\release_desperate\zmeshviewlist.obj
e:\2itsource2026\gunz\gunz\release_desperate\zmodule.obj
e:\2itsource2026\gunz\gunz\release_desperate\zmodule_resistance.obj
e:\2itsource2026\gunz\gunz\release_desperate\znetmarble.obj
e:\2itsource2026\gunz\gunz\release_desperate\zobserver.obj
e:\2itsource2026\gunz\gunz\release_desperate\zruleberserker.obj
e:\2itsource2026\gunz\gunz\release_desperate\zrulespy.obj
e:\2itsource2026\gunz\gunz\release_desperate\zskill.obj
e:\2itsource2026\gunz\gunz\release_desperate\zweaponscreeneffect.obj
e:\2itsource2026\gunz\gunz\release_desperate\serialization.obj
e:\2itsource2026\gunz\gunz\release_desperate\physics.obj
e:\2itsource2026\gunz\gunz\release_desperate\rgcommands.obj
e:\2itsource2026\gunz\gunz\release_desperate\zactorbase.obj
e:\2itsource2026\gunz\gunz\release_desperate\zanieventhandler.obj
e:\2itsource2026\gunz\gunz\release_desperate\zbehavior_attack.obj
e:\2itsource2026\gunz\gunz\release_desperate\zbirdtest.obj
e:\2itsource2026\gunz\gunz\release_desperate\zcharacterviewlist.obj
e:\2itsource2026\gunz\gunz\release_desperate\zclanlistbox.obj
e:\2itsource2026\gunz\gunz\release_desperate\zconsole.obj
e:\2itsource2026\gunz\gunz\release_desperate\zdueltournamentrankinglistbox.obj
e:\2itsource2026\gunz\gunz\release_desperate\zeffectbillboard.obj
e:\2itsource2026\gunz\gunz\release_desperate\zeffectsmoke.obj
e:\2itsource2026\gunz\gunz\release_desperate\zfsmstate.obj
e:\2itsource2026\gunz\gunz\release_desperate\zgameinterface_oncommand.obj
e:\2itsource2026\gunz\gunz\release_desperate\zmatch.obj
e:\2itsource2026\gunz\gunz\release_desperate\zmyitemlist.obj
e:\2itsource2026\gunz\gunz\release_desperate\zrulepaint.obj
e:\2itsource2026\gunz\gunz\release_desperate\zscreeneffectmanager.obj
e:\2itsource2026\gunz\gunz\release_desperate\newchat.obj
e:\2itsource2026\gunz\gunz\release_desperate\zcombatchat.obj
e:\2itsource2026\gunz\gunz\release_desperate\zeffectmanager.obj
e:\2itsource2026\gunz\gunz\release_desperate\zitemmenu.obj
e:\2itsource2026\gunz\gunz\release_desperate\zlanguageconf.obj
e:\2itsource2026\gunz\gunz\release_desperate\zloading.obj
e:\2itsource2026\gunz\gunz\release_desperate\zmapdesc.obj
e:\2itsource2026\gunz\gunz\release_desperate\zmygambleitem.obj
e:\2itsource2026\gunz\gunz\release_desperate\zplayerlist.obj
e:\2itsource2026\gunz\gunz\release_desperate\zprofiler.obj
e:\2itsource2026\gunz\gunz\release_desperate\zquestmap.obj
e:\2itsource2026\gunz\gunz\release_desperate\zrangeweaponhitdice.obj
e:\2itsource2026\gunz\gunz\release_desperate\zroomlistbox.obj
e:\2itsource2026\gunz\gunz\release_desperate\zruletraining.obj
e:\2itsource2026\gunz\gunz\release_desperate\zshadow.obj
e:\2itsource2026\gunz\gunz\release_desperate\zskybox.obj
e:\2itsource2026\gunz\gunz\release_desperate\zstatemachine.obj
e:\2itsource2026\gunz\gunz\release_desperate\ztask_skill.obj
e:\2itsource2026\gunz\gunz\release_desperate\zwater.obj
e:\2itsource2026\gunz\gunz\release_desperate\upnp.obj
e:\2itsource2026\gunz\gunz\release_desperate\anticheat.obj
e:\2itsource2026\gunz\gunz\release_desperate\zactoractionmanager.obj
e:\2itsource2026\gunz\gunz\release_desperate\zcharacterobject.obj
e:\2itsource2026\gunz\gunz\release_desperate\zcommandtable.obj
e:\2itsource2026\gunz\gunz\release_desperate\zcrosshair.obj
e:\2itsource2026\gunz\gunz\release_desperate\zeffectflashbang.obj
e:\2itsource2026\gunz\gunz\release_desperate\zembleminterface.obj
e:\2itsource2026\gunz\gunz\release_desperate\zgameclient_oncommand.obj
e:\2itsource2026\gunz\gunz\release_desperate\zmodule_hpap.obj
e:\2itsource2026\gunz\gunz\release_desperate\zmycharacter.obj
e:\2itsource2026\gunz\gunz\release_desperate\ztask.obj
e:\2itsource2026\gunz\gunz\release_desperate\ztask_attackrange.obj
e:\2itsource2026\gunz\gunz\release_desperate\ztooltip.obj
e:\2itsource2026\gunz\gunz\release_desperate\zworldobject.obj
e:\2itsource2026\gunz\gunz\release_desperate\zworldobject_navigation.obj
e:\2itsource2026\gunz\gunz\release_desperate\dllmain.obj
e:\2itsource2026\gunz\gunz\release_desperate\lottiewidget.obj
e:\2itsource2026\gunz\gunz\release_desperate\rgmain.obj
e:\2itsource2026\gunz\gunz\release_desperate\zcharacterselectview.obj
e:\2itsource2026\gunz\gunz\release_desperate\zcommandudphackshield.obj
e:\2itsource2026\gunz\gunz\release_desperate\zeffectbillboardlist.obj
e:\2itsource2026\gunz\gunz\release_desperate\zequipmentlistbox.obj
e:\2itsource2026\gunz\gunz\release_desperate\zfsmmanager.obj
e:\2itsource2026\gunz\gunz\release_desperate\zgameinterface.obj
e:\2itsource2026\gunz\gunz\release_desperate\zpostlocal.obj
e:\2itsource2026\gunz\gunz\release_desperate\zquestgameinfo.obj
e:\2itsource2026\gunz\gunz\release_desperate\zrule.obj
e:\2itsource2026\gunz\gunz\release_desperate\zruledueltournament.obj
e:\2itsource2026\gunz\gunz\release_desperate\ztask_attackmelee.obj
e:\2itsource2026\gunz\gunz\release_desperate\ztask_rotatetodir.obj
e:\2itsource2026\gunz\gunz\release_desperate\zweapon.obj
e:\2itsource2026\gunz\gunz\release_desperate\cglencription.obj
e:\2itsource2026\gunz\gunz\release_desperate\widgetui.obj
e:\2itsource2026\gunz\gunz\release_desperate\zbehavior_script.obj
e:\2itsource2026\gunz\gunz\release_desperate\zcanvas.obj
e:\2itsource2026\gunz\gunz\release_desperate\zcharacterview.obj
e:\2itsource2026\gunz\gunz\release_desperate\zcombatquestscreen.obj
e:\2itsource2026\gunz\gunz\release_desperate\zeffectlightfragmentlist.obj
e:\2itsource2026\gunz\gunz\release_desperate\zfsmcondition.obj
e:\2itsource2026\gunz\gunz\release_desperate\zgame.obj
e:\2itsource2026\gunz\gunz\release_desperate\zstageinfobox.obj
e:\2itsource2026\gunz\gunz\release_desperate\zstringresmanager.obj
e:\2itsource2026\gunz\gunz\release_desperate\ztestgame.obj
e:\2itsource2026\gunz\gunz\release_desperate\zworlditem.obj
e:\2itsource2026\gunz\gunz\release_desperate\basictypesui.obj
e:\2itsource2026\gunz\gunz\release_desperate\securitytest.obj
e:\2itsource2026\gunz\gunz\release_desperate\zactionkey.obj
e:\2itsource2026\gunz\gunz\release_desperate\zactorcontroller.obj
e:\2itsource2026\gunz\gunz\release_desperate\zactormesh.obj
e:\2itsource2026\gunz\gunz\release_desperate\zbandicapturer.obj
e:\2itsource2026\gunz\gunz\release_desperate\zbrain.obj
e:\2itsource2026\gunz\gunz\release_desperate\zclothemblem.obj
e:\2itsource2026\gunz\gunz\release_desperate\zeffectgunfire.obj
e:\2itsource2026\gunz\gunz\release_desperate\zeffectstaticmesh.obj
e:\2itsource2026\gunz\gunz\release_desperate\zfsmfunctionserver.obj
e:\2itsource2026\gunz\gunz\release_desperate\zfile.obj
e:\2itsource2026\gunz\gunz\release_desperate\zgameclient_clan.obj
e:\2itsource2026\gunz\gunz\release_desperate\zinterface.obj
e:\2itsource2026\gunz\gunz\release_desperate\zitem.obj
e:\2itsource2026\gunz\gunz\release_desperate\zminimap.obj
e:\2itsource2026\gunz\gunz\release_desperate\zmyquestitem.obj
e:\2itsource2026\gunz\gunz\release_desperate\zplayerselectlistbox.obj
e:\2itsource2026\gunz\gunz\release_desperate\zradar.obj
e:\2itsource2026\gunz\gunz\release_desperate\zruledropgungame.obj
e:\2itsource2026\gunz\gunz\release_desperate\zsoundengine.obj
e:\2itsource2026\gunz\gunz\release_desperate\zweaponmgr.obj
e:\2itsource2026\gunz\gunz\release_desperate\detours.obj
e:\2itsource2026\gunz\gunz\release_desperate\discordgunz.obj
e:\2itsource2026\gunz\gunz\release_desperate\zantihack.obj
e:\2itsource2026\gunz\gunz\release_desperate\zbehavior_patrol.obj
e:\2itsource2026\gunz\gunz\release_desperate\zchannelrule.obj
e:\2itsource2026\gunz\gunz\release_desperate\zclan.obj
e:\2itsource2026\gunz\gunz\release_desperate\zconsoledebug.obj
e:\2itsource2026\gunz\gunz\release_desperate\zdirectinput.obj
e:\2itsource2026\gunz\gunz\release_desperate\zeffectbase.obj
e:\2itsource2026\gunz\gunz\release_desperate\zenemy.obj
e:\2itsource2026\gunz\gunz\release_desperate\zframe.obj
e:\2itsource2026\gunz\gunz\release_desperate\zgameclient_dueltournament.obj
e:\2itsource2026\gunz\gunz\release_desperate\zgameonjpauth.obj
e:\2itsource2026\gunz\gunz\release_desperate\zidlresource.obj
e:\2itsource2026\gunz\gunz\release_desperate\zmybuffmgr.obj
e:\2itsource2026\gunz\gunz\release_desperate\znetrepository.obj
e:\2itsource2026\gunz\gunz\release_desperate\zoptioninterface.obj
e:\2itsource2026\gunz\gunz\release_desperate\zstagesetting.obj
e:\2itsource2026\gunz\gunz\release_desperate\ztranslator.obj
e:\2itsource2026\gunz\gunz\release_desperate\hitboxes.obj
e:\2itsource2026\gunz\gunz\release_desperate\zbaseauthinfo.obj
e:\2itsource2026\gunz\gunz\release_desperate\zbehavior.obj
e:\2itsource2026\gunz\gunz\release_desperate\zbitmapmanager.obj
e:\2itsource2026\gunz\gunz\release_desperate\zcharacter.obj
e:\2itsource2026\gunz\gunz\release_desperate\zfunctions.obj
e:\2itsource2026\gunz\gunz\release_desperate\zgameclient.obj
e:\2itsource2026\gunz\gunz\release_desperate\zmodule_queststatus.obj
e:\2itsource2026\gunz\gunz\release_desperate\znhn_usa_report.obj
e:\2itsource2026\gunz\gunz\release_desperate\zobject.obj
e:\2itsource2026\gunz\gunz\release_desperate\zquest.obj
e:\2itsource2026\gunz\gunz\release_desperate\zscorelistbox.obj
e:\2itsource2026\gunz\gunz\release_desperate\zserverview.obj
e:\2itsource2026\gunz\gunz\release_desperate\zstageinterface.obj
e:\2itsource2026\gunz\gunz\release_desperate\discord_rpc.obj
e:\2itsource2026\gunz\gunz\release_desperate\memblemmgr.obj
e:\2itsource2026\gunz\gunz\release_desperate\zbutton.obj
e:\2itsource2026\gunz\gunz\release_desperate\zcharacterbuff.obj
e:\2itsource2026\gunz\gunz\release_desperate\zchat.obj
e:\2itsource2026\gunz\gunz\release_desperate\zgameaction.obj
e:\2itsource2026\gunz\gunz\release_desperate\zitemdesc.obj
e:\2itsource2026\gunz\gunz\release_desperate\zitemslotview.obj
e:\2itsource2026\gunz\gunz\release_desperate\zmapcache.obj
e:\2itsource2026\gunz\gunz\release_desperate\zmodule_poisondamage.obj
e:\2itsource2026\gunz\gunz\release_desperate\zmybuff.obj
e:\2itsource2026\gunz\gunz\release_desperate\zplayermanager.obj
e:\2itsource2026\gunz\gunz\release_desperate\zruleassassinate.obj
e:\2itsource2026\gunz\gunz\release_desperate\zruleduel.obj
e:\2itsource2026\gunz\gunz\release_desperate\zsoundfmod.obj
e:\2itsource2026\gunz\gunz\release_desperate\zstencillight.obj
e:\2itsource2026\gunz\gunz\release_desperate\ztaskmanager.obj
e:\2itsource2026\gunz\gunz\release_desperate\ztask_delay.obj
e:\2itsource2026\gunz\gunz\release_desperate\ztips.obj
e:\2itsource2026\gunz\gunz\release_desperate\criticalsection.obj
e:\2itsource2026\gunz\gunz\release_desperate\webviewoverlay.obj
e:\2itsource2026\gunz\gunz\release_desperate\zbirddummyai.obj
e:\2itsource2026\gunz\gunz\release_desperate\zcombatmenu.obj
e:\2itsource2026\gunz\gunz\release_desperate\zeacmanager.obj
e:\2itsource2026\gunz\gunz\release_desperate\zeffectbulletmarklist.obj
e:\2itsource2026\gunz\gunz\release_desperate\zgameinput.obj
e:\2itsource2026\gunz\gunz\release_desperate\zmodule_healovertime.obj
e:\2itsource2026\gunz\gunz\release_desperate\zmodule_skills.obj
e:\2itsource2026\gunz\gunz\release_desperate\znhn_usa.obj
e:\2itsource2026\gunz\gunz\release_desperate\znetmarblejp.obj
e:\2itsource2026\gunz\gunz\release_desperate\zobjectmanager.obj
e:\2itsource2026\gunz\gunz\release_desperate\zrulebasequest.obj
e:\2itsource2026\gunz\gunz\release_desperate\zrulequestchallenge.obj
e:\2itsource2026\gunz\gunz\release_desperate\zweaponnewquest.obj
e:\2itsource2026\gunz\gunz\release_desperate\main.obj
e:\2itsource2026\gunz\gunz\release_desperate\antiinject.obj
e:\2itsource2026\gunz\gunz\release_desperate\progressbarui.obj
e:\2itsource2026\gunz\gunz\release_desperate\zactoraction.obj
e:\2itsource2026\gunz\gunz\release_desperate\zbirddummyclient.obj
e:\2itsource2026\gunz\gunz\release_desperate\zchatcmd.obj
e:\2itsource2026\gunz\gunz\release_desperate\zeffectbulletmark.obj
e:\2itsource2026\gunz\gunz\release_desperate\zeffectmesh.obj
e:\2itsource2026\gunz\gunz\release_desperate\zenvobject.obj
e:\2itsource2026\gunz\gunz\release_desperate\zfsmparser.obj
e:\2itsource2026\gunz\gunz\release_desperate\zhelpscreen.obj
e:\2itsource2026\gunz\gunz\release_desperate\zinterfacebackground.obj
e:\2itsource2026\gunz\gunz\release_desperate\zlicense.obj
e:\2itsource2026\gunz\gunz\release_desperate\zmaplistbox.obj
e:\2itsource2026\gunz\gunz\release_desperate\zmeshview.obj
e:\2itsource2026\gunz\gunz\release_desperate\zmodule_firedamage.obj
e:\2itsource2026\gunz\gunz\release_desperate\zmodule_lightningdamage.obj
e:\2itsource2026\gunz\gunz\release_desperate\zmsgbox.obj
e:\2itsource2026\gunz\gunz\release_desperate\znpcinfofromserver.obj
e:\2itsource2026\gunz\gunz\release_desperate\zpost.obj
e:\2itsource2026\gunz\gunz\release_desperate\zreplay.obj
e:\2itsource2026\gunz\gunz\release_desperate\zsecurity.obj
e:\2itsource2026\gunz\gunz\release_desperate\zshopequipitem.obj
e:\2itsource2026\gunz\gunz\release_desperate\zutil.obj
e:\2itsource2026\gunz\gunz\release_desperate\zworldmanager.obj
e:\2itsource2026\gunz\gunz\release_desperate\mint4gunz.obj
e:\2itsource2026\gunz\gunz\release_desperate\voicechat.obj
e:\2itsource2026\gunz\gunz\release_desperate\zcharacteritem.obj
e:\2itsource2026\gunz\gunz\release_desperate\zchat_cmds.obj
e:\2itsource2026\gunz\gunz\release_desperate\zfsmstateenteredtimestamper.obj
e:\2itsource2026\gunz\gunz\release_desperate\zgameguard.obj
e:\2itsource2026\gunz\gunz\release_desperate\zgametypelist.obj
e:\2itsource2026\gunz\gunz\release_desperate\zinterfacelistener.obj
e:\2itsource2026\gunz\gunz\release_desperate\zmyinfo.obj
e:\2itsource2026\gunz\gunz\release_desperate\znetcharacter.obj
e:\2itsource2026\gunz\gunz\release_desperate\zplayermenu.obj
e:\2itsource2026\gunz\gunz\release_desperate\zreportabuse.obj
e:\2itsource2026\gunz\gunz\release_desperate\zrulecustomgame.obj
e:\2itsource2026\gunz\gunz\release_desperate\zrulequest.obj
e:\2itsource2026\gunz\gunz\release_desperate\zrulesurvival.obj
e:\2itsource2026\gunz\gunz\release_desperate\zscreendebugger.obj
e:\2itsource2026\gunz\gunz\release_desperate\zshop.obj
e:\2itsource2026\gunz\gunz\release_desperate\ztask_movetopos.obj
e:\2itsource2026\gunz\gunz\release_desperate\zvoteinterface.obj
e:\2itsource2026\gunz\gunz\release_desperate\discord_register_win.obj
e:\2itsource2026\gunz\gunz\release_desperate\msysinfo.obj
e:\2itsource2026\gunz\gunz\release_desperate\windowui.obj
e:\2itsource2026\gunz\gunz\release_desperate\zactorwithfsm.obj
e:\2itsource2026\gunz\gunz\release_desperate\zfsmtransition.obj
e:\2itsource2026\gunz\gunz\release_desperate\zgameclient_ladder.obj
e:\2itsource2026\gunz\gunz\release_desperate\zglobal.obj
e:\2itsource2026\gunz\gunz\release_desperate\zglobalannounce.obj
e:\2itsource2026\gunz\gunz\release_desperate\zinput.obj
e:\2itsource2026\gunz\gunz\release_desperate\zladderwarsrankinglistbox.obj
e:\2itsource2026\gunz\gunz\release_desperate\zlocale.obj
e:\2itsource2026\gunz\gunz\release_desperate\zmessages.obj
e:\2itsource2026\gunz\gunz\release_desperate\zmodule_colddamage.obj
e:\2itsource2026\gunz\gunz\release_desperate\zmodule_movable.obj
e:\2itsource2026\gunz\gunz\release_desperate\zmyitem.obj
e:\2itsource2026\gunz\gunz\release_desperate\znhn_usa_poll.obj
e:\2itsource2026\gunz\gunz\release_desperate\znetagreementbuilder.obj
e:\2itsource2026\gunz\gunz\release_desperate\zplayerlistbox.obj
e:\2itsource2026\gunz\gunz\release_desperate\zruledeathmatch.obj
e:\2itsource2026\gunz\gunz\release_desperate\zshopequiplistbox.obj
e:\2itsource2026\gunz\gunz\release_desperate\zsurvival.obj
e:\2itsource2026\gunz\gunz\release_desperate\zworldobject_movable.obj
e:\2itsource2026\gunz\gunz\release_desperate\rpc_connection.obj
e:\2itsource2026\gunz\gunz\release_desperate\mcommandlogframe.obj
e:\2itsource2026\gunz\gunz\release_desperate\webviewtokenhelper.obj
e:\2itsource2026\gunz\gunz\release_desperate\zcamera.obj
e:\2itsource2026\gunz\gunz\release_desperate\zcountdown.obj
e:\2itsource2026\gunz\gunz\release_desperate\zeffectanimesh.obj
e:\2itsource2026\gunz\gunz\release_desperate\zeffectlightfragment.obj
e:\2itsource2026\gunz\gunz\release_desperate\zeffectlighttracer.obj
e:\2itsource2026\gunz\gunz\release_desperate\zfsm.obj
e:\2itsource2026\gunz\gunz\release_desperate\zgameinput_debug.obj
e:\2itsource2026\gunz\gunz\release_desperate\zinitialloading.obj
e:\2itsource2026\gunz\gunz\release_desperate\zmap.obj
e:\2itsource2026\gunz\gunz\release_desperate\zmonsterbookinterface.obj
e:\2itsource2026\gunz\gunz\release_desperate\zrulegladiator.obj
e:\2itsource2026\gunz\gunz\release_desperate\zserialkey.obj
e:\2itsource2026\gunz\gunz\release_desperate\zshopequipitemconfirm.obj
e:\2itsource2026\gunz\gunz\release_desperate\connection_win.obj
e:\2itsource2026\gunz\gunz\release_desperate\mint4r2.obj
e:\2itsource2026\gunz\gunz\release_desperate\zactor.obj
e:\2itsource2026\gunz\gunz\release_desperate\zbehavior_idle.obj
e:\2itsource2026\gunz\gunz\release_desperate\zbmnumlabel.obj
e:\2itsource2026\gunz\gunz\release_desperate\zcharactermanager.obj
e:\2itsource2026\gunz\gunz\release_desperate\zcombatinterface.obj
e:\2itsource2026\gunz\gunz\release_desperate\zruleskillmap.obj
e:\2itsource2026\gunz\gunz\release_desperate\zshopequipinterface.obj
e:\2itsource2026\gunz\gunz\release_desperate\ztimer.obj
e:\2itsource2026\gunz\gunz\release_desperate\zworld.obj
e:\2itsource2026\build\gunz\gunz.exe
e:\2itsource2026\gunz\runtime\gunz.map
e:\2itsource2026\gunz\runtime\gunz.pdb
e:\2itsource2026\gunz\gunz\release_desperate\gunz.res
e:\2itsource2026\build\gunz\gunz.lib
e:\2itsource2026\build\gunz\gunz.exp
e:\2itsource2026\gunz\gunz\release_desperate\msxml.tlh
e:\2itsource2026\gunz\gunz\release_desperate\gunz.tlog\cl.command.1.tlog
e:\2itsource2026\gunz\gunz\release_desperate\gunz.tlog\cl.items.tlog
e:\2itsource2026\gunz\gunz\release_desperate\gunz.tlog\cl.read.1.tlog
e:\2itsource2026\gunz\gunz\release_desperate\gunz.tlog\cl.write.1.tlog
e:\2itsource2026\gunz\gunz\release_desperate\gunz.tlog\link.command.1.tlog
e:\2itsource2026\gunz\gunz\release_desperate\gunz.tlog\link.read.1.tlog
e:\2itsource2026\gunz\gunz\release_desperate\gunz.tlog\link.secondary.1.tlog
e:\2itsource2026\gunz\gunz\release_desperate\gunz.tlog\link.write.1.tlog
e:\2itsource2026\gunz\gunz\release_desperate\gunz.tlog\rc.command.1.tlog
e:\2itsource2026\gunz\gunz\release_desperate\gunz.tlog\rc.read.1.tlog
e:\2itsource2026\gunz\gunz\release_desperate\gunz.tlog\rc.write.1.tlog
