e:\2itsource2026\mint2\release\mint2.pch
e:\2itsource2026\mint2\release\mint2.pdb
e:\2itsource2026\mint2\release\stdafx.obj
e:\2itsource2026\mint2\release\mconsoleframe.obj
e:\2itsource2026\mint2\release\mcombobox.obj
e:\2itsource2026\mint2\release\mbutton.obj
e:\2itsource2026\mint2\release\mbmlabel.obj
e:\2itsource2026\mint2\release\mbmbutton.obj
e:\2itsource2026\mint2\release\manimation.obj
e:\2itsource2026\mint2\release\manibmbutton.obj
e:\2itsource2026\mint2\release\mbtextarealook.obj
e:\2itsource2026\mint2\release\mbtabctrllook.obj
e:\2itsource2026\mint2\release\mbsliderlook.obj
e:\2itsource2026\mint2\release\mbscrollbarlook.obj
e:\2itsource2026\mint2\release\mbpopupmenu.obj
e:\2itsource2026\mint2\release\mbmulticollistboxlook.obj
e:\2itsource2026\mint2\release\mblistboxlook.obj
e:\2itsource2026\mint2\release\mblabellook.obj
e:\2itsource2026\mint2\release\mbitmapdrawer.obj
e:\2itsource2026\mint2\release\mbgrouplook.obj
e:\2itsource2026\mint2\release\mbframelook.obj
e:\2itsource2026\mint2\release\mbeditlook.obj
e:\2itsource2026\mint2\release\mbbuttonlook.obj
e:\2itsource2026\mint2\release\mscrollbar.obj
e:\2itsource2026\mint2\release\mpopupmenu.obj
e:\2itsource2026\mint2\release\mpicture.obj
e:\2itsource2026\mint2\release\mpanel.obj
e:\2itsource2026\mint2\release\mmulticollistbox.obj
e:\2itsource2026\mint2\release\mmsgbox.obj
e:\2itsource2026\mint2\release\mlistbox.obj
e:\2itsource2026\mint2\release\mlayoutmanager.obj
e:\2itsource2026\mint2\release\mlabel.obj
e:\2itsource2026\mint2\release\mint.obj
e:\2itsource2026\mint2\release\mhypertext.obj
e:\2itsource2026\mint2\release\mhotkey.obj
e:\2itsource2026\mint2\release\mgroup.obj
e:\2itsource2026\mint2\release\mframedrawer.obj
e:\2itsource2026\mint2\release\mframe.obj
e:\2itsource2026\mint2\release\mfiledialog.obj
e:\2itsource2026\mint2\release\mfilebox.obj
e:\2itsource2026\mint2\release\mevent.obj
e:\2itsource2026\mint2\release\medit.obj
e:\2itsource2026\mint2\release\mdragobject.obj
e:\2itsource2026\mint2\release\mstringtable.obj
e:\2itsource2026\mint2\release\mresourcemanager.obj
e:\2itsource2026\mint2\release\midlresource.obj
e:\2itsource2026\mint2\release\mfont.obj
e:\2itsource2026\mint2\release\mdrawcontext.obj
e:\2itsource2026\mint2\release\mcursor.obj
e:\2itsource2026\mint2\release\mbitmap.obj
e:\2itsource2026\mint2\release\mwidget.obj
e:\2itsource2026\mint2\release\mtypes.obj
e:\2itsource2026\mint2\release\mtooltip.obj
e:\2itsource2026\mint2\release\mtextarea.obj
e:\2itsource2026\mint2\release\mtabctrl.obj
e:\2itsource2026\mint2\release\mslider.obj
e:\2itsource2026\mint2\runtime\lib\mint2.lib
e:\2itsource2026\mint2\release\msxml.tlh
e:\2itsource2026\mint2\release\mint2.tlog\cl.command.1.tlog
e:\2itsource2026\mint2\release\mint2.tlog\cl.items.tlog
e:\2itsource2026\mint2\release\mint2.tlog\cl.read.1.tlog
e:\2itsource2026\mint2\release\mint2.tlog\cl.write.1.tlog
e:\2itsource2026\mint2\release\mint2.tlog\lib-link.write.1.tlog
e:\2itsource2026\mint2\release\mint2.tlog\lib.command.1.tlog
e:\2itsource2026\mint2\release\mint2.tlog\lib.read.1.tlog
