  stdafx.cpp
  MAniBmButton.cpp
  MAnimation.cpp
  MBButtonLook.cpp
  MBEditLook.cpp
  MBFrameLook.cpp
  MBGroupLook.cpp
  MBLabelLook.cpp
  MBListBoxLook.cpp
  MBMultiColListBoxLook.cpp
  MBPopupMenu.cpp
  MBScrollBarLook.cpp
  MBSliderLook.cpp
  MBTabCtrlLook.cpp
  MBTextAreaLook.cpp
  MBitmap.cpp
  MBitmapDrawer.cpp
  MBmButton.cpp
  MBmLabel.cpp
  MButton.cpp
  MComboBox.cpp
  Generating Code...
  Compiling...
  MConsoleFrame.cpp
  MCursor.cpp
  MDragObject.cpp
  MDrawContext.cpp
  MEdit.cpp
  MEvent.cpp
  MFileBox.cpp
  MFileDialog.cpp
  MFont.cpp
  MFrame.cpp
  MFrameDrawer.cpp
  MGroup.cpp
  MHotKey.cpp
  MHyperText.cpp
  MIDLResource.cpp
  MLabel.cpp
  MLayoutManager.cpp
  MListBox.cpp
  MMsgBox.cpp
  MMultiColListBox.cpp
  Generating Code...
  Compiling...
  MPanel.cpp
  MPicture.cpp
  MPopupMenu.cpp
  MResourceManager.cpp
  MScrollBar.cpp
  MSlider.cpp
  MStringTable.cpp
  MTabCtrl.cpp
  MTextArea.cpp
  MToolTip.cpp
  MTypes.cpp
  MWidget.cpp
  Mint.cpp
  Generating Code...
  Mint.vcxproj -> E:\2ITSOURCE2026\Mint2\Runtime\Lib\Mint2.lib
