e:\desperatesource\eos\samples\playerdatastorage\intermediate\win32\release_sdl\playerdatastorage.pch
e:\desperatesource\eos\samples\playerdatastorage\intermediate\win32\release_sdl\vc143.pdb
e:\desperatesource\eos\samples\playerdatastorage\intermediate\win32\release_sdl\pch.obj
e:\desperatesource\eos\samples\playerdatastorage\intermediate\win32\release_sdl\exitdialog.obj
e:\desperatesource\eos\samples\playerdatastorage\intermediate\win32\release_sdl\dialog.obj
e:\desperatesource\eos\samples\playerdatastorage\intermediate\win32\release_sdl\consoledialog.obj
e:\desperatesource\eos\samples\playerdatastorage\intermediate\win32\release_sdl\checkbox.obj
e:\desperatesource\eos\samples\playerdatastorage\intermediate\win32\release_sdl\button.obj
e:\desperatesource\eos\samples\playerdatastorage\intermediate\win32\release_sdl\authdialogs.obj
e:\desperatesource\eos\samples\playerdatastorage\intermediate\win32\release_sdl\assetutils.obj
e:\desperatesource\eos\samples\playerdatastorage\intermediate\win32\release_sdl\animatedtexture.obj
e:\desperatesource\eos\samples\playerdatastorage\intermediate\win32\release_sdl\console.obj
e:\desperatesource\eos\samples\playerdatastorage\intermediate\win32\release_sdl\users.obj
e:\desperatesource\eos\samples\playerdatastorage\intermediate\win32\release_sdl\player.obj
e:\desperatesource\eos\samples\playerdatastorage\intermediate\win32\release_sdl\platform.obj
e:\desperatesource\eos\samples\playerdatastorage\intermediate\win32\release_sdl\metrics.obj
e:\desperatesource\eos\samples\playerdatastorage\intermediate\win32\release_sdl\friends.obj
e:\desperatesource\eos\samples\playerdatastorage\intermediate\win32\release_sdl\eosui.obj
e:\desperatesource\eos\samples\playerdatastorage\intermediate\win32\release_sdl\authentication.obj
e:\desperatesource\eos\samples\playerdatastorage\intermediate\win32\release_sdl\accounthelpers.obj
e:\desperatesource\eos\samples\playerdatastorage\intermediate\win32\release_sdl\basemenu.obj
e:\desperatesource\eos\samples\playerdatastorage\intermediate\win32\release_sdl\baselevel.obj
e:\desperatesource\eos\samples\playerdatastorage\intermediate\win32\release_sdl\basegame.obj
e:\desperatesource\eos\samples\playerdatastorage\intermediate\win32\release_sdl\vectorrender.obj
e:\desperatesource\eos\samples\playerdatastorage\intermediate\win32\release_sdl\sdlspritebatch.obj
e:\desperatesource\eos\samples\playerdatastorage\intermediate\win32\release_sdl\model.obj
e:\desperatesource\eos\samples\playerdatastorage\intermediate\win32\release_sdl\widget.obj
e:\desperatesource\eos\samples\playerdatastorage\intermediate\win32\release_sdl\transferprogressdialog.obj
e:\desperatesource\eos\samples\playerdatastorage\intermediate\win32\release_sdl\textview.obj
e:\desperatesource\eos\samples\playerdatastorage\intermediate\win32\release_sdl\texturemanager.obj
e:\desperatesource\eos\samples\playerdatastorage\intermediate\win32\release_sdl\texture.obj
e:\desperatesource\eos\samples\playerdatastorage\intermediate\win32\release_sdl\textlabel.obj
e:\desperatesource\eos\samples\playerdatastorage\intermediate\win32\release_sdl\textfield.obj
e:\desperatesource\eos\samples\playerdatastorage\intermediate\win32\release_sdl\texteditor.obj
e:\desperatesource\eos\samples\playerdatastorage\intermediate\win32\release_sdl\sprite.obj
e:\desperatesource\eos\samples\playerdatastorage\intermediate\win32\release_sdl\sdlttf.obj
e:\desperatesource\eos\samples\playerdatastorage\intermediate\win32\release_sdl\scroller.obj
e:\desperatesource\eos\samples\playerdatastorage\intermediate\win32\release_sdl\progressbar.obj
e:\desperatesource\eos\samples\playerdatastorage\intermediate\win32\release_sdl\popupdialog.obj
e:\desperatesource\eos\samples\playerdatastorage\intermediate\win32\release_sdl\friendsdialog.obj
e:\desperatesource\eos\samples\playerdatastorage\intermediate\win32\release_sdl\friendlist.obj
e:\desperatesource\eos\samples\playerdatastorage\intermediate\win32\release_sdl\friendinfo.obj
e:\desperatesource\eos\samples\playerdatastorage\intermediate\win32\release_sdl\font.obj
e:\desperatesource\eos\samples\playerdatastorage\intermediate\win32\release_sdl\playerdatastoragedialog.obj
e:\desperatesource\eos\samples\playerdatastorage\intermediate\win32\release_sdl\playerdatastorage.obj
e:\desperatesource\eos\samples\playerdatastorage\intermediate\win32\release_sdl\newfiledialog.obj
e:\desperatesource\eos\samples\playerdatastorage\intermediate\win32\release_sdl\menu.obj
e:\desperatesource\eos\samples\playerdatastorage\intermediate\win32\release_sdl\game.obj
e:\desperatesource\eos\samples\playerdatastorage\intermediate\win32\release_sdl\utils.obj
e:\desperatesource\eos\samples\playerdatastorage\intermediate\win32\release_sdl\stringutils.obj
e:\desperatesource\eos\samples\playerdatastorage\intermediate\win32\release_sdl\settings.obj
e:\desperatesource\eos\samples\playerdatastorage\intermediate\win32\release_sdl\debuglog.obj
e:\desperatesource\eos\samples\playerdatastorage\intermediate\win32\release_sdl\commandline.obj
e:\desperatesource\eos\samples\playerdatastorage\intermediate\win32\release_sdl\vector3.obj
e:\desperatesource\eos\samples\playerdatastorage\intermediate\win32\release_sdl\vector2.obj
e:\desperatesource\eos\samples\playerdatastorage\intermediate\win32\release_sdl\winmain.obj
e:\desperatesource\eos\samples\playerdatastorage\intermediate\win32\release_sdl\deviceresources.obj
e:\desperatesource\eos\samples\playerdatastorage\intermediate\win32\release_sdl\sdlmain.obj
e:\desperatesource\eos\samples\playerdatastorage\intermediate\win32\release_sdl\main.obj
e:\desperatesource\eos\samples\playerdatastorage\intermediate\win32\release_sdl\sdlinput.obj
e:\desperatesource\eos\samples\playerdatastorage\intermediate\win32\release_sdl\input.obj
e:\desperatesource\eos\samples\playerdatastorage\bin\win32\release_sdl\playerdatastorage.exe
e:\desperatesource\eos\samples\playerdatastorage\bin\win32\release_sdl\playerdatastorage.pdb
e:\desperatesource\eos\samples\playerdatastorage\intermediate\win32\release_sdl\resource.res
e:\desperatesource\eos\samples\playerdatastorage\bin\win32\release_sdl\playerdatastorage.lib
e:\desperatesource\eos\samples\playerdatastorage\bin\win32\release_sdl\playerdatastorage.exp
e:\desperatesource\eos\samples\playerdatastorage\intermediate\win32\release_sdl\playerdatastorage.ipdb
e:\desperatesource\eos\samples\playerdatastorage\intermediate\win32\release_sdl\playerdatastorage.iobj
e:\desperatesource\eos\samples\playerdatastorage\intermediate\win32\release_sdl\playerda.84505a35.tlog\cl.command.1.tlog
e:\desperatesource\eos\samples\playerdatastorage\intermediate\win32\release_sdl\playerda.84505a35.tlog\cl.items.tlog
e:\desperatesource\eos\samples\playerdatastorage\intermediate\win32\release_sdl\playerda.84505a35.tlog\cl.read.1.tlog
e:\desperatesource\eos\samples\playerdatastorage\intermediate\win32\release_sdl\playerda.84505a35.tlog\cl.write.1.tlog
e:\desperatesource\eos\samples\playerdatastorage\intermediate\win32\release_sdl\playerda.84505a35.tlog\link.command.1.tlog
e:\desperatesource\eos\samples\playerdatastorage\intermediate\win32\release_sdl\playerda.84505a35.tlog\link.read.1.tlog
e:\desperatesource\eos\samples\playerdatastorage\intermediate\win32\release_sdl\playerda.84505a35.tlog\link.secondary.1.tlog
e:\desperatesource\eos\samples\playerdatastorage\intermediate\win32\release_sdl\playerda.84505a35.tlog\link.write.1.tlog
e:\desperatesource\eos\samples\playerdatastorage\intermediate\win32\release_sdl\playerda.84505a35.tlog\rc.command.1.tlog
e:\desperatesource\eos\samples\playerdatastorage\intermediate\win32\release_sdl\playerda.84505a35.tlog\rc.read.1.tlog
e:\desperatesource\eos\samples\playerdatastorage\intermediate\win32\release_sdl\playerda.84505a35.tlog\rc.write.1.tlog
